// Jest Snapshot v1, https://goo.gl/fbAQLP

exports[`<Checkbox /> render should match snapshot 1`] = `
<input
  class="test"
  color="primary"
  type="checkbox"
/>
`;

exports[`<Icon /> render should match snapshot 1`] = `
<i
  class="manabie-star"
/>
`;
