// Jest Snapshot v1, https://goo.gl/fbAQLP

exports[`<ToDoPage /> rendering should match snapshot 1`] = `
<div>
  <div
    class="todo"
  >
    <div
      class="todo__container"
    >
      <div
        class="header"
      >
        <svg
          color="#3A52D1"
          fill="currentColor"
          font-size="36"
          height="1em"
          stroke="currentColor"
          stroke-width="0"
          style="color: rgb(58, 82, 209);"
          viewBox="0 0 24 24"
          width="1em"
          xmlns="http://www.w3.org/2000/svg"
        >
          <path
            d="M0 0h24v24H0z"
            fill="none"
          />
          <path
            d="M22 5.18L10.59 16.6l-4.24-4.24 1.41-1.41 2.83 2.83 10-10L22 5.18zm-2.21 5.04c.13.57.21 1.17.21 1.78 0 4.42-3.58 8-8 8s-8-3.58-8-8 3.58-8 8-8c1.58 0 3.04.46 4.28 1.25l1.44-1.44A9.9 9.9 0 0012 2C6.48 2 2 6.48 2 12s4.48 10 10 10 10-4.48 10-10c0-1.19-.22-2.33-.6-3.39l-1.61 1.61z"
          />
        </svg>
        <h1
          class="header__title"
          data-testid="header"
        >
          MANA DO
        </h1>
      </div>
      <div
        class="todo__creation"
      >
        <input
          class="input-todo "
          data-testid="input"
          id=""
          name="todo"
          placeholder="What need to be done?"
          type="text"
        />
      </div>
      <div
        class="list-todo"
      />
      <div
        class="todo__toolbar"
      >
        <div />
        <div
          class="todo-tab"
          data-testid="todo-tab"
        >
          <button
            aria-label="ALL"
            class="btn-todo btn-todo--main btn-todo--selected"
            data-testid="button"
          >
            ALL
          </button>
          <button
            aria-label="ACTIVE"
            class="btn-todo btn-todo--main "
            data-testid="button"
          >
            ACTIVE
          </button>
          <button
            aria-label="COMPLETED"
            class="btn-todo btn-todo--main "
            data-testid="button"
          >
            COMPLETED
          </button>
        </div>
        <button
          aria-label="Clear all"
          class="btn-todo btn-todo--danger"
          data-testid="button"
        >
          Clear all todos
        </button>
      </div>
    </div>
    <div
      class="Toastify"
    />
    <div
      class="guide"
    >
      <i
        class="guide__text"
      >
        * Double-click to the label to edit the corresponding task!
      </i>
    </div>
  </div>
</div>
`;
