// Jest Snapshot v1, https://goo.gl/fbAQLP

exports[`<Checkbox /> render should match snapshot 1`] = `
<div
  class="lds-dual-ring"
/>
`;

exports[`<Loading /> render should match snapshot 1`] = `
<div
  class="lds-dual-ring"
/>
`;
