// Jest Snapshot v1, https://goo.gl/fbAQLP

exports[`<ContentTodo /> Match snapshot 1`] = `ShallowWrapper {}`;
