// Jest Snapshot v1, https://goo.gl/fbAQLP

exports[`<Button/> render should match snapshot 1`] = `
<button
  class="test btn btn-primary"
  color="primary"
  data-testid="btn-custom"
/>
`;
