// Jest Snapshot v1, https://goo.gl/fbAQLP

exports[`<TodoItem /> rendering should match snapshot 1`] = `
<div>
  <div
    class="todo-item "
    content="content testing 1"
    created_date="2022-05-08T04:44:10.054Z"
    data-testid="todo-item"
    id="id 1"
    status="COMPLETED"
    user_id="user_id 1"
  >
    <div
      class="todo-item__input-wrapper"
    >
      <input
        checked=""
        class="cbx-todo "
        data-testid="checkbox"
        id="id 1"
        type="checkbox"
      />
      <label
        class="todo-item__text todo-item__text--completed"
        data-testid="label-content"
        for="id 1"
      >
        content testing 1
      </label>
    </div>
    <button
      aria-label="Close"
      class="btn-todo todo-item__delete"
      data-testid="todo-item-delete"
    >
      <svg
        color="#F22257"
        fill="currentColor"
        font-size="24"
        height="1em"
        stroke="currentColor"
        stroke-width="0"
        style="color: rgb(242, 34, 87);"
        viewBox="0 0 512 512"
        width="1em"
        xmlns="http://www.w3.org/2000/svg"
      >
        <rect
          height="80"
          rx="32"
          ry="32"
          width="448"
          x="32"
          y="48"
        />
        <path
          d="M74.45 160a8 8 0 00-8 8.83l26.31 252.56a1.5 1.5 0 000 .22A48 48 0 00140.45 464h231.09a48 48 0 0047.67-42.39v-.21l26.27-252.57a8 8 0 00-8-8.83zm248.86 180.69a16 16 0 11-22.63 22.62L256 318.63l-44.69 44.68a16 16 0 01-22.63-22.62L233.37 296l-44.69-44.69a16 16 0 0122.63-22.62L256 273.37l44.68-44.68a16 16 0 0122.63 22.62L278.62 296z"
        />
      </svg>
    </button>
  </div>
</div>
`;
