// Jest Snapshot v1, https://goo.gl/fbAQLP

exports[`<InputAddTask /> render should match snapshot 1`] = `
<input
  aria-label="todo-input"
  class="Todo__input"
  data-testid="todo-input"
  placeholder="+ Add a task"
/>
`;
