// Jest Snapshot v1, https://goo.gl/fbAQLP

exports[`<Button /> rendering should match snapshot 1`] = `
<div>
  <button
    class="btn-todo "
    data-testid="button"
  />
</div>
`;
