// Jest Snapshot v1, https://goo.gl/fbAQLP

exports[`ToDoToolbar Should match snapshot 1`] = `
<div>
  <div
    class="Todo__toolbar"
  >
    <div />
    <div
      class="Todo__tabs"
    >
      <label
        for="filter"
      >
        View
      </label>
      <select
        id="filter"
        name="filter"
      >
        <option
          selected=""
          value="ALL"
        >
          All
        </option>
        <option
          value="ACTIVE"
        >
          Active
        </option>
        <option
          value="COMPLETED"
        >
          Completed
        </option>
      </select>
    </div>
    <button
      arial-label="delete-all-todos"
      class="Action__btn"
      disabled=""
    >
      Clear all todos
    </button>
  </div>
</div>
`;
