// Jest Snapshot v1, https://goo.gl/fbAQLP

exports[`Paper: match snapshot 1`] = `
<div
  className="paper-custom Paper-className-test paper-custom-elevation-1"
/>
`;
