// Jest Snapshot v1, https://goo.gl/fbAQLP

exports[`ToolbarToDo: match snapshot 1`] = `
<div
  className="paper-custom Todo__toolbar p10 paper-custom-elevation-1"
>
  <div
    className="Action__checkAll"
  >
    <label
      className="checkbox-custom"
      data-testid="checkbox-custom"
    >
      <svg
        className="icon_GG7Y icon_3JOC"
        height="24"
        version="1.1"
        viewBox="0 0 32 32"
        width="24"
        xmlns="http://www.w3.org/2000/svg"
        xmlnsXlink="http://www.w3.org/1999/xlink"
      >
        <path
          d="M26.667 28.444H5.334c-.978 0-1.778-.8-1.778-1.778V5.333c0-.978.8-1.778 1.778-1.778h21.333c.978 0 1.778.8 1.778 1.778v21.333c0 .978-.8 1.778-1.778 1.778zM28.444 0H3.555A3.566 3.566 0 00-.001 3.556v24.889c0 1.956 1.6 3.556 3.556 3.556h24.889c1.956 0 3.556-1.6 3.556-3.556V3.556C32 1.6 30.4 0 28.444 0z"
          fill="#1caba0"
        />
      </svg>
      <div
        className="root-input checkbox-custom-input"
      >
        <input
          checked={false}
          className="input-custom input-size-md"
          onChange={[Function]}
          readOnly={true}
          type="checkbox"
        />
      </div>
    </label>
  </div>
  <div
    className="Todo__tabs"
  >
    <div
      className="Action__btn"
      onClick={[Function]}
    >
      All
    </div>
    <div
      className="Action__btn Action__btn-selected"
      onClick={[Function]}
    >
      Active
    </div>
    <div
      className="Action__btn"
      onClick={[Function]}
    >
      Completed
    </div>
  </div>
  <button
    className="btn-custom btn-custom-danger"
    disabled={false}
    onClick={[Function]}
    type="button"
  >
    Clear all
  </button>
  <div
    className="modal-custom display-none"
  >
    <section
      className="modal-main"
      style={
        Object {
          "width": "30%",
        }
      }
    >
      <div
        className="header-modal mb40"
      >
        <span
          className="title"
        >
          Are you sure delete ?
        </span>
        <span
          className="icon-close"
          onClick={[Function]}
        >
          <img
            alt="icon-close"
            src="images/cancel.png"
            width="30"
          />
        </span>
      </div>
      <div
        className="content-modal mt30"
      >
        <div
          className="content-modal-confirm"
        >
          Item will be permanently deleted?
        </div>
        <div
          className="action-modal-confirm"
        >
          <button
            className="mr10 btn-custom btn-custom-danger"
            disabled={false}
            onClick={[Function]}
            type="button"
          >
            Yes
          </button>
          <button
            className="btn-custom btn-custom-primary"
            disabled={false}
            onClick={[Function]}
            type="button"
          >
            No
          </button>
        </div>
      </div>
    </section>
  </div>
</div>
`;
